2023-07-29 08:23:52.356 INFO  [Simhavalli]  c.a.c.d.RFC4519DirectoryMembershipsIterable Found 7 children for 7 groups in 2 ms
2023-07-29 08:23:53.356 INFO  [Padma]  c.a.c.d.RFC4519DirectoryMembershipsIterable Found 7 children for 7 groups in 2 ms
2023-07-29 08:23:54.356 INFO  [Balu]  c.a.c.d.RFC4519DirectoryMembershipsIterable Found 7 children for 7 groups in 2 ms
2023-07-29 08:23:55.356 INFO  [Rishika]  c.a.c.d.RFC4519DirectoryMembershipsIterable Found 7 children for 7 groups in 2 ms
2023-07-29 08:23:56.356 INFO  [Venki]  c.a.c.d.RFC4519DirectoryMembershipsIterable Found 7 children for 7 groups in 2 ms